returned from f
returned from g
None
inside nested
5
after nested
