
multiline

newline follows
	tab" after \
{x:true y:false }
{b:{c:true } }
