Expected Output: []
Actual Output: []
Expected Output: [42]
Actual Output: [42, ]
Expected Output: [1, 2, 3, 4, 5]
Actual Output: [1, 2, 3, 4, 5, ]
Expected Output: [1, 2, 3, 4, 5]
Actual Output: [1, 2, 3, 4, 5, ]
Expected Output: [1, 2, 2, 3, 4, 4]
Actual Output: [1, 2, 2, 3, 4, 4, ]
Expected Output: [1, 2, 3, 5, 6, 7, 8]
Actual Output: [1, 2, 3, 5, 6, 7, 8, ]
Expected Output: [-3, -1, 0, 1, 2, 4]
Actual Output: [-3, -1, 0, 1, 2, 4, ]
Expected Output: [2, 2, 2, 2, 2]
Actual Output: [2, 2, 2, 2, 2, ]
Expected Output: [2, 3, 4]
Actual Output: [2, 3, 4, ]
Expected Output: [1, 2, 3, 4, 5, 6]
Actual Output: [1, 2, 3, 4, 5, 6, ]
Expected Output: [1, 2, 4, 5, 6]
Actual Output: [1, 2, 4, 5, 6, ]
