RuntimeException: Incorrect Number of arguments in fun(val, ){}
