3
string1string2
3string1string2
1string1
15
6
21
a3 = 5
a4 = 6
a5 = 3
a6 = 1
a7 = 8
a8 = -21
