The longest common subsequence between
a: {0:28 1:19 10:1066 11:711 12:474 13:316 14:4 15:141 16:94 17:63 18:9 19:28 2:13 20:19 21:13 22:9 23:6 24:1338 25:892 26:595 27:397 28:1599 29:1066 3:9 30:711 31:474 32:316 33:211 34:141 35:94 36:63 37:42 38:28 39:19 4:6 40:13 41:9 42:6 43:1338 44:892 45:595 46:397 47:1599 48:1066 49:711 5:1338 50:474 51:316 52:211 53:141 54:94 55:63 56:42 57:28 58:19 59:13 6:892 60:9 61:6 62:1338 63:892 64:595 65:397 66:1599 67:1066 68:711 69:474 7:595 70:316 71:211 72:141 73:94 74:63 75:42 76:28 77:19 78:13 79:9 8:397 80:6 81:1338 82:892 83:595 84:397 85:1599 86:1066 87:711 88:474 89:316 9:1599 90:211 91:141 92:94 93:63 94:42 95:28 96:19 97:13 98:9 99:6 size:100 }
and
b: {0:1750 1:1167 10:1365 11:910 12:9 13:405 14:270 15:180 16:120 17:1414 18:943 19:1963 2:778 20:1309 21:873 22:582 23:388 24:259 25:1507 26:1005 27:670 28:447 29:298 3:519 30:199 31:1467 32:978 33:1986 34:1324 35:883 36:589 37:393 38:262 39:175 4:4 40:117 41:78 42:1386 43:924 44:1950 45:1300 46:867 47:1912 48:1275 49:850 5:231 50:567 51:378 52:252 53:168 54:1446 55:964 56:1977 57:1318 58:879 59:586 6:154 60:391 61:261 62:174 63:1450 64:967 65:645 66:1764 67:1176 68:784 69:523 7:103 70:1683 71:1122 72:748 73:499 74:333 75:222 76:148 77:99 78:66 79:1378 8:69 80:919 81:613 82:1743 83:1162 84:775 85:1851 86:1234 87:823 88:549 89:366 9:46 90:244 91:163 92:109 93:73 94:49 95:33 96:22 97:15 98:10 99:7 size:100 }
is equal to 2
