Input: [1, 2, 3, None, 5, None, 4, ]
Output: [1, 3, 4, ]
Input: [1, None, 3, ]
Output: [1, 3, ]
Input: [1, 2, None, 3, ]
Output: [1, 2, 3, ]
Input: [1, 2, 3, 4, 5, 6, 7, ]
Output: [1, 3, 7, ]
Input: [1, ]
Output: [1, ]
Input: []
Output: [None, ]
Input: [1, 2, 3, 4, 5, 6, 7, None, None, 8, 9, 10, None, None, None, 11, ]
Output: [1, 3, 7, 10, 11, ]
Input: [1, 2, 3, 4, 5, 6, 7, 8, 9, 10, 11, 12, 13, 14, 15, None, None, 16, 17, 18, None, None, 19, None, 20, None, 21, 22, 23, None, None, 24, 25, 26, 27, None, None, 28, 29, None, 30, None, 31, 32, 33, None, None, 34, 35, 36, None, None, 37, None, 38, 39, None, 40, 41, None, None, 42, 43, 44, 45, None, None, 46, 47, 48, None, 49, None, 50, 51, None, None, 52, 53, 54, 55, None, None, 56, None, 57, 58, None, None, 59, 60, 61, 62, None, 63, None, 64, 65, 66, None, ]
Output: [1, 3, 7, 15, 23, 33, 45, 60, 66, ]
