inputs: {arr:{0:10 1:15 2:1 3:13 4:14 5:3 6:10 7:48 8:9 9:0 size:10 } target:100 }, output: false
inputs: {arr:{0:10 1:15 2:1 3:13 4:14 5:3 6:10 7:48 8:9 9:0 size:10 } target:24 }, output: true
inputs: {arr:{0:10 1:15 2:1 3:13 4:14 5:3 6:10 7:48 8:9 9:0 size:10 } target:5 }, output: false
inputs: {arr:{0:10 1:15 2:1 3:13 4:14 5:3 6:10 7:48 8:9 9:0 size:10 } target:27 }, output: true
