2th largest element in {0:3 1:2 2:1 3:5 4:6 5:4 size:6 }:
	5
4th largest element in {0:3 1:2 2:3 3:1 4:2 5:4 6:5 7:5 8:6 size:9 }:
	4
4th largest element in {0:3 1:4 2:1 3:9 4:7 5:5 6:6 7:8 8:2 size:9 }:
	6
