Max profit with prices {0:7 1:1 2:5 3:3 4:6 5:4 size:6 }:
	5
Max profit with prices {0:7 1:6 2:4 3:3 4:1 size:5 }:
	0
