this should be true: true
this should be true: true
this should be false: false
this should be true: true
this should be false: false
this should be false: false
this should be false: false
this should be true: true
