"
\
\\
	tab
\ttab
\	tab

newline
\nnewline
\
newline
2
-1
