integer equality
true
false
string equality
true
false
boolean equality
true
false

record equality
false
true
false
false
true
false

Function equality:
true
true
false
false
true
true
