{a:0 b:1 c:2 }
{a1:{a:0 b:1 c:2 } d:3 e:4 f:5 }
{g:6 h:7 i:8 }
{r1:{a:0 b:1 c:2 } r2:{a1:{a:0 b:1 c:2 } d:3 e:4 f:5 } r3:{g:6 h:7 i:8 } }

{a:-1 b:-2 c:2 }
{a1:{a:-1 b:-2 c:2 } d:3 e:4 f:5 }
{g:6 h:7 i:8 }
{r1:{a:-1 b:-2 c:2 } r2:{a1:{a:-1 b:-2 c:2 } d:3 e:4 f:5 } r3:{g:6 h:7 i:8 } }

{a:-1 b:-2 c:2 }
{a1:{a:-1 b:-2 c:2 } d:test1 e:4 f:5 }
{g:6 h:7 i:8 }
{r1:{a:-1 b:-2 c:2 } r2:{a1:{a:-1 b:-2 c:2 } d:test1 e:4 f:5 } r3:{g:6 h:7 i:8 } }

{a:-1 b:-2 c:2 }
{a1:{a:-1 b:-2 c:2 } d:test1 e:4 f:5 }
{g:0 h:7 i:8 }
{idx:1 r1:{a:-1 b:-2 c:2 } r2:{a1:{a:-1 b:-2 c:2 } d:test1 e:4 f:5 } r3:{g:0 h:7 i:8 } }

{a:-100 b:-100 c:-100 }
{a1:{a:-100 b:-100 c:-100 } d:test1 e:4 f:5 }
{g:0 h:7 i:8 }
{idx:1 r1:{a:-100 b:-100 c:-100 } r2:{a1:{a:-100 b:-100 c:-100 } d:test1 e:4 f:5 } r3:{g:0 h:7 i:8 } }
