Inside f, which doesn't have a return statement
Should print None: None
