Iteration 1
x = 5
Iteration 2
x = 6
Iteration 3
x = 7
Iteration 4
x = 8
Iteration 5
x = 9
